../Core/Src/main.c:90:5:main	80	static
../Core/Src/main.c:151:6:SystemClock_Config	88	static
../Core/Src/main.c:198:13:MX_USART2_UART_Init	8	static
../Core/Src/main.c:229:13:MX_DMA_Init	16	static
../Core/Src/main.c:250:13:MX_GPIO_Init	48	static
../Core/Src/main.c:280:6:UARTDMAConfig	8	static
../Core/Src/main.c:286:6:HAL_UART_RxCpltCallback	16	static
../Core/Src/main.c:314:6:StateOpenLED	16	static
../Core/Src/main.c:454:6:DummyTask	8	static
../Core/Src/main.c:471:6:Error_Handler	4	static,ignoring_inline_asm
