../Core/Src/main.c:90:5:main	80	static
../Core/Src/main.c:150:6:SystemClock_Config	88	static
../Core/Src/main.c:197:13:MX_USART2_UART_Init	8	static
../Core/Src/main.c:228:13:MX_DMA_Init	16	static
../Core/Src/main.c:249:13:MX_GPIO_Init	48	static
../Core/Src/main.c:279:6:UARTDMAConfig	8	static
../Core/Src/main.c:285:6:HAL_UART_RxCpltCallback	16	static
../Core/Src/main.c:313:6:StateOpenLED	16	static
../Core/Src/main.c:453:6:DummyTask	8	static
../Core/Src/main.c:470:6:Error_Handler	4	static,ignoring_inline_asm
